// Jest Snapshot v1, https://goo.gl/fbAQLP

exports[`Test SortBy component should match its snapshot 1`] = `
{
  "asFragment": [Function],
  "baseElement": <body>
    <div>
      <div
        class="sc-iqyJx ezmOzM"
      >
        <div>
          <button
            buttontype="secondary"
            class="sc-ghWlax a-dPbm"
            data-testid="sort-by-button"
            style="border-radius: 4px; padding: 0px 12px; min-height: 36px;"
            type="button"
          >
            <svg
              fill="#6459e3"
              viewBox="0 0 24 24"
              width="20"
              xmlns="http://www.w3.org/2000/svg"
            >
              <path
                d="M20 17H23L19 21L15 17H18V3H20V17M8 5C4.14 5 1 8.13 1 12C1 15.87 4.13 19 8 19C11.86 19 15 15.87 15 12C15 8.13 11.87 5 8 5M8 7.15C10.67 7.15 12.85 9.32 12.85 12C12.85 14.68 10.68 16.85 8 16.85C5.32 16.85 3.15 14.68 3.15 12C3.15 9.32 5.32 7.15 8 7.15M7 9V12.69L10.19 14.53L10.94 13.23L8.5 11.82V9"
              />
            </svg>
          </button>
        </div>
      </div>
    </div>
  </body>,
  "container": <div>
    <div
      class="sc-iqyJx ezmOzM"
    >
      <div>
        <button
          buttontype="secondary"
          class="sc-ghWlax a-dPbm"
          data-testid="sort-by-button"
          style="border-radius: 4px; padding: 0px 12px; min-height: 36px;"
          type="button"
        >
          <svg
            fill="#6459e3"
            viewBox="0 0 24 24"
            width="20"
            xmlns="http://www.w3.org/2000/svg"
          >
            <path
              d="M20 17H23L19 21L15 17H18V3H20V17M8 5C4.14 5 1 8.13 1 12C1 15.87 4.13 19 8 19C11.86 19 15 15.87 15 12C15 8.13 11.87 5 8 5M8 7.15C10.67 7.15 12.85 9.32 12.85 12C12.85 14.68 10.68 16.85 8 16.85C5.32 16.85 3.15 14.68 3.15 12C3.15 9.32 5.32 7.15 8 7.15M7 9V12.69L10.19 14.53L10.94 13.23L8.5 11.82V9"
            />
          </svg>
        </button>
      </div>
    </div>
  </div>,
  "debug": [Function],
  "findAllByAltText": [Function],
  "findAllByDisplayValue": [Function],
  "findAllByLabelText": [Function],
  "findAllByPlaceholderText": [Function],
  "findAllByRole": [Function],
  "findAllByTestId": [Function],
  "findAllByText": [Function],
  "findAllByTitle": [Function],
  "findByAltText": [Function],
  "findByDisplayValue": [Function],
  "findByLabelText": [Function],
  "findByPlaceholderText": [Function],
  "findByRole": [Function],
  "findByTestId": [Function],
  "findByText": [Function],
  "findByTitle": [Function],
  "getAllByAltText": [Function],
  "getAllByDisplayValue": [Function],
  "getAllByLabelText": [Function],
  "getAllByPlaceholderText": [Function],
  "getAllByRole": [Function],
  "getAllByTestId": [Function],
  "getAllByText": [Function],
  "getAllByTitle": [Function],
  "getByAltText": [Function],
  "getByDisplayValue": [Function],
  "getByLabelText": [Function],
  "getByPlaceholderText": [Function],
  "getByRole": [Function],
  "getByTestId": [Function],
  "getByText": [Function],
  "getByTitle": [Function],
  "queryAllByAltText": [Function],
  "queryAllByDisplayValue": [Function],
  "queryAllByLabelText": [Function],
  "queryAllByPlaceholderText": [Function],
  "queryAllByRole": [Function],
  "queryAllByTestId": [Function],
  "queryAllByText": [Function],
  "queryAllByTitle": [Function],
  "queryByAltText": [Function],
  "queryByDisplayValue": [Function],
  "queryByLabelText": [Function],
  "queryByPlaceholderText": [Function],
  "queryByRole": [Function],
  "queryByTestId": [Function],
  "queryByText": [Function],
  "queryByTitle": [Function],
  "rerender": [Function],
  "unmount": [Function],
}
`;
